failed to load config from c:\Users\i7\Desktop\electricity\apps\web\vite.config.ts
error when starting dev server:
Error: Build failed with 1 error:

[31m[PARSE_ERROR] [0mExpected a semicolon or an implicit semicolon after a statement, but found none
    [38;5;246m╭[0m[38;5;246m─[0m[38;5;246m[[0m vite.config.ts:72:2 [38;5;246m][0m
    [38;5;246m│[0m
 [38;5;246m72 │[0m [38;5;249m}[0m[38;5;249m)[0m[38;5;249m;[0m
 [38;5;240m   │[0m  │ 
 [38;5;240m   │[0m  ╰─ 
 [38;5;240m   │[0m 
 [38;5;240m   │[0m [38;5;115mHelp[0m: Try inserting a semicolon here
[38;5;246m────╯[0m

    at aggregateBindingErrorsIntoJsError (file:///C:/Users/i7/Desktop/electricity/node_modules/rolldown/dist/shared/error-BgfXq0Tb.mjs:48:18)
    at unwrapBindingResult (file:///C:/Users/i7/Desktop/electricity/node_modules/rolldown/dist/shared/error-BgfXq0Tb.mjs:18:128)
    at #build (file:///C:/Users/i7/Desktop/electricity/node_modules/rolldown/dist/shared/rolldown-DP_p9pd3.mjs:132:34)
    at async bundleConfigFile (file:///C:/Users/i7/Desktop/electricity/apps/web/node_modules/vite/dist/node/chunks/node.js:36962:17)
    at async bundleAndLoadConfigFile (file:///C:/Users/i7/Desktop/electricity/apps/web/node_modules/vite/dist/node/chunks/node.js:36863:18)
    at async loadConfigFromFile (file:///C:/Users/i7/Desktop/electricity/apps/web/node_modules/vite/dist/node/chunks/node.js:36824:42)
    at async resolveConfig (file:///C:/Users/i7/Desktop/electricity/apps/web/node_modules/vite/dist/node/chunks/node.js:36433:22)
    at async _createServer (file:///C:/Users/i7/Desktop/electricity/apps/web/node_modules/vite/dist/node/chunks/node.js:26269:65)
    at async CAC.<anonymous> (file:///C:/Users/i7/Desktop/electricity/apps/web/node_modules/vite/dist/node/cli.js:708:18) {
  errors: [Getter/Setter]
}
